// Jest Snapshot v1, https://goo.gl/fbAQLP

exports[`App Component should match snapshot 1`] = `
<body>
  <div>
    <main>
      <h1>
        Hello 
        Test
        !
      </h1>
       
      <p>
        This template was last updated on 
        10/10/10
      </p>
    </main>
  </div>
</body>
`;
